<?xml version="1.0" encoding="utf-8"?><testsuites><testsuite name="pytest" errors="0" failures="0" skipped="0" tests="1" time="6.348" timestamp="2025-09-05T13:55:15.568310" hostname="DESKTOP-D3SFHF2"><testcase classname="tests.test_login" name="test_login_success[chromium]" time="6.268" /></testsuite></testsuites>